Hello, strace!